[1,1]<stdout>:learning rate step time:8.392333984375e-05
[1,1]<stdout>:after loss time:4.164493083953857
[1,1]<stdout>:print output time:1.52587890625e-05
[1,1]<stdout>:test time:8.821487426757812e-06
[1,1]<stdout>:training iter79,this iter consuming time:4.1692352294921875
[1,1]<stdout>:before forward:6.67572021484375e-06
[1,0]<stdout>:optimizer step time:4.080899238586426
[1,0]<stdout>:learning rate step time:0.0001571178436279297
[1,0]<stdout>:after loss time:4.175853490829468
[1,0]<stdout>:print output time:2.8133392333984375e-05
[1,0]<stdout>:test time:4.673004150390625e-05
[1,0]<stdout>:training iter79,this iter consuming time:4.179760932922363
[1,1]<stdout>:forward time:0.0032227039337158203
[1,1]<stdout>:Compute loss time:0.0002663135528564453
[1,0]<stdout>:before forward:7.62939453125e-06
[1,0]<stdout>:forward time:0.004279613494873047
[1,0]<stdout>:Compute loss time:0.0005233287811279297
[1,1]<stdout>:optimizer zero grad time:0.051247358322143555
[1,0]<stdout>:optimizer zero grad time:0.05517745018005371
[1,1]<stdout>:optimizer backward time:0.042418718338012695
[1,0]<stdout>:optimizer backward time:0.04116463661193848
[1,0]<stdout>:optimizer step time:3.832054615020752
[1,0]<stdout>:learning rate step time:5.9604644775390625e-05
[1,0]<stdout>:after loss time:3.928534984588623
[1,0]<stdout>:print output time:1.7642974853515625e-05
[1,0]<stdout>:test time:1.0013580322265625e-05
[1,0]<stdout>:training iter80,this iter consuming time:3.933373212814331
[1,1]<stdout>:optimizer step time:3.844592571258545
[1,1]<stdout>:learning rate step time:7.796287536621094e-05
[1,1]<stdout>:after loss time:3.93841552734375
[1,1]<stdout>:print output time:1.9550323486328125e-05
[1,1]<stdout>:test time:1.2159347534179688e-05
[1,1]<stdout>:training iter80,this iter consuming time:3.9419429302215576
[1,0]<stdout>:before forward:4.76837158203125e-06
[1,1]<stdout>:before forward:5.7220458984375e-06
[1,0]<stdout>:forward time:0.003109455108642578
[1,0]<stdout>:Compute loss time:0.00025343894958496094
[1,1]<stdout>:forward time:0.0030891895294189453
[1,1]<stdout>:Compute loss time:0.0002675056457519531
[1,1]<stdout>:optimizer zero grad time:0.05012631416320801
[1,0]<stdout>:optimizer zero grad time:0.05716228485107422
[1,1]<stdout>:optimizer backward time:0.04260683059692383
[1,0]<stdout>:optimizer backward time:0.04070758819580078
[1,0]<stdout>:optimizer step time:4.018592119216919
[1,0]<stdout>:learning rate step time:6.508827209472656e-05
[1,0]<stdout>:after loss time:4.1166017055511475
[1,0]<stdout>:print output time:1.5020370483398438e-05
[1,0]<stdout>:test time:1.049041748046875e-05
[1,0]<stdout>:training iter81,this iter consuming time:4.119994878768921
[1,1]<stdout>:optimizer step time:4.0242180824279785
[1,1]<stdout>:learning rate step time:7.414817810058594e-05
[1,1]<stdout>:after loss time:4.11712121963501
[1,1]<stdout>:print output time:1.4066696166992188e-05
[1,1]<stdout>:test time:9.059906005859375e-06
[1,1]<stdout>:training iter81,this iter consuming time:4.120506763458252
[1,0]<stdout>:before forward:4.5299530029296875e-06
[1,0]<stdout>:forward time:0.003033161163330078
[1,1]<stdout>:before forward:6.67572021484375e-06
[1,0]<stdout>:Compute loss time:0.00024628639221191406
[1,1]<stdout>:forward time:0.003071308135986328
[1,1]<stdout>:Compute loss time:0.0002999305725097656
[1,1]<stdout>:optimizer zero grad time:0.050733089447021484
[1,0]<stdout>:optimizer zero grad time:0.05564618110656738
[1,1]<stdout>:optimizer backward time:0.04014134407043457
[1,0]<stdout>:optimizer backward time:0.041211605072021484
[1,0]<stdout>:optimizer step time:4.049803256988525
[1,0]<stdout>:learning rate step time:5.8650970458984375e-05
[1,0]<stdout>:after loss time:4.1467931270599365
[1,0]<stdout>:print output time:1.6927719116210938e-05
[1,0]<stdout>:test time:9.5367431640625e-06
[1,0]<stdout>:training iter82,this iter consuming time:4.150103569030762
[1,0]<stdout>:before forward:4.291534423828125e-06
[1,1]<stdout>:optimizer step time:4.055293083190918
[1,1]<stdout>:learning rate step time:7.557868957519531e-05
[1,1]<stdout>:after loss time:4.146330118179321
[1,1]<stdout>:print output time:1.7404556274414062e-05
[1,1]<stdout>:test time:1.1682510375976562e-05
[1,1]<stdout>:training iter82,this iter consuming time:4.149737119674683
[1,0]<stdout>:forward time:0.0029349327087402344
[1,0]<stdout>:Compute loss time:0.0002410411834716797
[1,1]<stdout>:before forward:6.4373016357421875e-06
[1,1]<stdout>:forward time:0.0034666061401367188
[1,1]<stdout>:Compute loss time:0.00029754638671875
[1,0]<stdout>:optimizer zero grad time:0.055190324783325195
[1,1]<stdout>:optimizer zero grad time:0.0509486198425293
[1,0]<stdout>:optimizer backward time:0.041745901107788086
[1,1]<stdout>:optimizer backward time:0.04085254669189453
[1,0]<stdout>:optimizer step time:3.9986414909362793
[1,0]<stdout>:learning rate step time:5.459785461425781e-05
[1,0]<stdout>:after loss time:4.095707654953003
[1,0]<stdout>:print output time:1.4781951904296875e-05
[1,0]<stdout>:test time:1.1205673217773438e-05
[1,0]<stdout>:training iter83,this iter consuming time:4.098913908004761
[1,0]<stdout>:before forward:4.0531158447265625e-06
[1,1]<stdout>:optimizer step time:4.004743576049805
[1,1]<stdout>:learning rate step time:7.152557373046875e-05
[1,1]<stdout>:after loss time:4.0966997146606445
[1,1]<stdout>:print output time:1.430511474609375e-05
[1,1]<stdout>:test time:8.58306884765625e-06
[1,1]<stdout>:training iter83,this iter consuming time:4.1004931926727295
[1,0]<stdout>:forward time:0.002840757369995117
[1,0]<stdout>:Compute loss time:0.00024366378784179688
[1,1]<stdout>:before forward:5.9604644775390625e-06
[1,1]<stdout>:forward time:0.002924203872680664
[1,1]<stdout>:Compute loss time:0.00025653839111328125
[1,0]<stdout>:optimizer zero grad time:0.05548095703125
[1,1]<stdout>:optimizer zero grad time:0.051434993743896484
[1,0]<stdout>:optimizer backward time:0.04115581512451172
[1,1]<stdout>:optimizer backward time:0.04223513603210449
[1,0]<stdout>:optimizer step time:4.03424859046936
[1,0]<stdout>:learning rate step time:6.103515625e-05
[1,0]<stdout>:after loss time:4.131025075912476
[1,0]<stdout>:print output time:1.5497207641601562e-05
[1,0]<stdout>:test time:9.059906005859375e-06
[1,0]<stdout>:training iter84,this iter consuming time:4.134138107299805
[1,1]<stdout>:optimizer step time:4.032677173614502
[1,1]<stdout>:learning rate step time:0.00016164779663085938
[1,1]<stdout>:after loss time:4.126636028289795
[1,1]<stdout>:print output time:2.384185791015625e-05
[1,1]<stdout>:test time:1.6689300537109375e-05
[1,1]<stdout>:training iter84,this iter consuming time:4.129863262176514
[1,0]<stdout>:before forward:4.291534423828125e-06
[1,1]<stdout>:before forward:1.4066696166992188e-05
[1,0]<stdout>:forward time:0.0028886795043945312
[1,0]<stdout>:Compute loss time:0.0002493858337402344
[1,1]<stdout>:forward time:0.0037217140197753906
[1,1]<stdout>:Compute loss time:0.00043892860412597656
[1,1]<stdout>:optimizer zero grad time:0.050936222076416016
[1,0]<stdout>:optimizer zero grad time:0.05725860595703125
[1,1]<stdout>:optimizer backward time:0.04121804237365723
[1,0]<stdout>:optimizer backward time:0.040645599365234375
[1,0]<stdout>:optimizer step time:3.9943478107452393
[1,0]<stdout>:learning rate step time:6.651878356933594e-05
[1,0]<stdout>:after loss time:4.092399597167969
[1,0]<stdout>:print output time:1.811981201171875e-05
[1,0]<stdout>:test time:1.239776611328125e-05
[1,0]<stdout>:training iter85,this iter consuming time:4.095572471618652
[1,1]<stdout>:optimizer step time:4.000513553619385
[1,1]<stdout>:learning rate step time:6.842613220214844e-05
[1,1]<stdout>:after loss time:4.092817783355713
[1,1]<stdout>:print output time:1.430511474609375e-05
[1,1]<stdout>:test time:1.1920928955078125e-05
[1,1]<stdout>:training iter85,this iter consuming time:4.097018718719482
[1,0]<stdout>:before forward:5.0067901611328125e-06
[1,1]<stdout>:before forward:6.198883056640625e-06
[1,0]<stdout>:forward time:0.0033202171325683594
[1,0]<stdout>:Compute loss time:0.00029158592224121094
[1,1]<stdout>:forward time:0.0030608177185058594
[1,1]<stdout>:Compute loss time:0.0002636909484863281
[1,1]<stdout>:optimizer zero grad time:0.05114006996154785
[1,0]<stdout>:optimizer zero grad time:0.05741691589355469
[1,1]<stdout>:optimizer backward time:0.04285311698913574
[1,0]<stdout>:optimizer backward time:0.04085350036621094
[1,0]<stdout>:optimizer step time:4.012139558792114
[1,0]<stdout>:learning rate step time:6.771087646484375e-05
[1,0]<stdout>:after loss time:4.1105616092681885
[1,0]<stdout>:print output time:1.7404556274414062e-05
[1,0]<stdout>:test time:1.2874603271484375e-05
[1,0]<stdout>:training iter86,this iter consuming time:4.114208698272705
[1,1]<stdout>:optimizer step time:4.01885724067688
[1,1]<stdout>:learning rate step time:8.273124694824219e-05
[1,1]<stdout>:after loss time:4.113021373748779
[1,1]<stdout>:print output time:1.9788742065429688e-05
[1,1]<stdout>:test time:1.3113021850585938e-05
[1,1]<stdout>:training iter86,this iter consuming time:4.116384983062744
[1,0]<stdout>:before forward:4.5299530029296875e-06
[1,1]<stdout>:before forward:6.9141387939453125e-06
[1,0]<stdout>:forward time:0.0033631324768066406
[1,0]<stdout>:Compute loss time:0.00029540061950683594
[1,1]<stdout>:forward time:0.0035986900329589844
[1,1]<stdout>:Compute loss time:0.00031685829162597656
[1,1]<stdout>:optimizer zero grad time:0.05079531669616699
[1,0]<stdout>:optimizer zero grad time:0.0545041561126709
[1,1]<stdout>:optimizer backward time:0.04240727424621582
[1,0]<stdout>:optimizer backward time:0.047144174575805664
[1,0]<stdout>:optimizer step time:4.000684976577759
[1,0]<stdout>:learning rate step time:0.00014400482177734375
[1,0]<stdout>:after loss time:4.102612733840942
[1,0]<stdout>:print output time:2.5033950805664062e-05
[1,0]<stdout>:test time:1.7881393432617188e-05
[1,0]<stdout>:training iter87,this iter consuming time:4.106318712234497
[1,0]<stdout>:before forward:7.152557373046875e-06
[1,0]<stdout>:forward time:0.0034537315368652344
[1,0]<stdout>:Compute loss time:0.0004482269287109375
[1,1]<stdout>:optimizer step time:4.015878677368164
[1,1]<stdout>:learning rate step time:8.082389831542969e-05
[1,1]<stdout>:after loss time:4.109277725219727
[1,1]<stdout>:print output time:1.71661376953125e-05
[1,1]<stdout>:test time:1.1444091796875e-05
[1,1]<stdout>:training iter87,this iter consuming time:4.113228797912598
[1,1]<stdout>:before forward:5.9604644775390625e-06
[1,1]<stdout>:forward time:0.003542661666870117
[1,1]<stdout>:Compute loss time:0.0003046989440917969
[1,0]<stdout>:optimizer zero grad time:0.05256938934326172
[1,1]<stdout>:optimizer zero grad time:0.05024456977844238
[1,0]<stdout>:optimizer backward time:0.04180192947387695
[1,1]<stdout>:optimizer backward time:0.043312788009643555
[1,0]<stdout>:optimizer step time:4.043515205383301
[1,0]<stdout>:learning rate step time:7.796287536621094e-05
[1,0]<stdout>:after loss time:4.138054132461548
[1,0]<stdout>:print output time:1.9311904907226562e-05
[1,0]<stdout>:test time:1.049041748046875e-05
[1,0]<stdout>:training iter88,this iter consuming time:4.141993045806885
[1,0]<stdout>:before forward:5.0067901611328125e-06
[1,1]<stdout>:optimizer step time:4.038805961608887
[1,1]<stdout>:learning rate step time:6.747245788574219e-05
[1,1]<stdout>:after loss time:4.132536888122559
[1,1]<stdout>:print output time:5.364418029785156e-05
[1,1]<stdout>:test time:9.298324584960938e-06
[1,1]<stdout>:training iter88,this iter consuming time:4.136453151702881
[1,0]<stdout>:forward time:0.0032215118408203125
[1,0]<stdout>:Compute loss time:0.0002617835998535156
[1,1]<stdout>:before forward:6.67572021484375e-06
[1,1]<stdout>:forward time:0.002954721450805664
[1,1]<stdout>:Compute loss time:0.00026297569274902344
[1,0]<stdout>:optimizer zero grad time:0.05306386947631836
[1,1]<stdout>:optimizer zero grad time:0.05043792724609375
[1,0]<stdout>:optimizer backward time:0.04188656806945801
[1,1]<stdout>:optimizer backward time:0.0431368350982666
[1,0]<stdout>:optimizer step time:3.9877028465270996
[1,0]<stdout>:learning rate step time:6.723403930664062e-05
[1,0]<stdout>:after loss time:4.082801103591919
[1,0]<stdout>:print output time:1.52587890625e-05
[1,0]<stdout>:test time:9.5367431640625e-06
[1,0]<stdout>:training iter89,this iter consuming time:4.0863142013549805
[1,0]<stdout>:before forward:4.291534423828125e-06
[1,1]<stdout>:optimizer step time:3.98762845993042
[1,1]<stdout>:learning rate step time:7.009506225585938e-05
[1,1]<stdout>:after loss time:4.0813703536987305
[1,1]<stdout>:print output time:1.4781951904296875e-05
[1,1]<stdout>:test time:9.775161743164062e-06
[1,1]<stdout>:training iter89,this iter consuming time:4.0846192836761475
[1,0]<stdout>:forward time:0.003069639205932617
[1,0]<stdout>:Compute loss time:0.0002491474151611328
[1,1]<stdout>:before forward:5.7220458984375e-06
[1,1]<stdout>:forward time:0.0030007362365722656
[1,1]<stdout>:Compute loss time:0.0002815723419189453
[1,0]<stdout>:optimizer zero grad time:0.05814313888549805
[1,1]<stdout>:optimizer zero grad time:0.05210375785827637
[1,1]<stdout>:optimizer backward time:0.03991842269897461
[1,0]<stdout>:optimizer backward time:0.04775071144104004
[1,1]<stdout>:optimizer step time:4.021137714385986
[1,1]<stdout>:learning rate step time:8.058547973632812e-05
[1,1]<stdout>:after loss time:4.113329887390137
[1,1]<stdout>:print output time:1.6689300537109375e-05
[1,1]<stdout>:test time:1.239776611328125e-05
[1,1]<stdout>:training iter90,this iter consuming time:4.116647005081177
[1,1]<stdout>:before forward:6.9141387939453125e-06
[1,0]<stdout>:optimizer step time:4.019402027130127
[1,0]<stdout>:learning rate step time:6.914138793945312e-05
[1,0]<stdout>:after loss time:4.125439167022705
[1,0]<stdout>:print output time:5.1975250244140625e-05
[1,0]<stdout>:test time:1.621246337890625e-05
[1,0]<stdout>:training iter90,this iter consuming time:4.128830432891846
[1,1]<stdout>:forward time:0.003536224365234375
[1,0]<stdout>:before forward:4.5299530029296875e-06
[1,1]<stdout>:Compute loss time:0.00031375885009765625
[1,0]<stdout>:forward time:0.0029265880584716797
[1,0]<stdout>:Compute loss time:0.00024580955505371094
[1,1]<stdout>:optimizer zero grad time:0.04867815971374512
[1,0]<stdout>:optimizer zero grad time:0.07369303703308105
[1,1]<stdout>:optimizer backward time:0.03388214111328125
[1,0]<stdout>:optimizer backward time:0.04391312599182129
[1,0]<stdout>:optimizer step time:4.0578835010528564
[1,0]<stdout>:learning rate step time:7.271766662597656e-05
[1,0]<stdout>:after loss time:4.175642728805542
[1,0]<stdout>:print output time:1.8835067749023438e-05
[1,0]<stdout>:test time:1.2636184692382812e-05
[1,0]<stdout>:training iter91,this iter consuming time:4.178851127624512
[1,0]<stdout>:before forward:5.245208740234375e-06
[1,1]<stdout>:optimizer step time:4.10226845741272
[1,1]<stdout>:learning rate step time:0.00017881393432617188
[1,1]<stdout>:after loss time:4.185147523880005
[1,1]<stdout>:print output time:2.8848648071289062e-05
[1,1]<stdout>:test time:1.9073486328125e-05
[1,1]<stdout>:training iter91,this iter consuming time:4.18905234336853
[1,0]<stdout>:forward time:0.0035653114318847656
[1,0]<stdout>:Compute loss time:0.0002944469451904297
[1,1]<stdout>:before forward:1.6689300537109375e-05
[1,1]<stdout>:forward time:0.0041961669921875
[1,1]<stdout>:Compute loss time:0.0005512237548828125
[1,0]<stdout>:optimizer zero grad time:0.05811619758605957
[1,1]<stdout>:optimizer zero grad time:0.052779197692871094
[1,0]<stdout>:optimizer backward time:0.04195046424865723
[1,1]<stdout>:optimizer backward time:0.04321122169494629
[1,0]<stdout>:optimizer step time:3.993823766708374
[1,0]<stdout>:learning rate step time:6.580352783203125e-05
[1,0]<stdout>:after loss time:4.094069480895996
[1,0]<stdout>:print output time:1.9073486328125e-05
[1,0]<stdout>:test time:3.933906555175781e-05
[1,0]<stdout>:training iter92,this iter consuming time:4.097992897033691
[1,1]<stdout>:optimizer step time:3.993685007095337
[1,1]<stdout>:learning rate step time:7.653236389160156e-05
[1,1]<stdout>:after loss time:4.089850664138794
[1,1]<stdout>:print output time:1.7404556274414062e-05
[1,1]<stdout>:test time:1.1205673217773438e-05
[1,1]<stdout>:training iter92,this iter consuming time:4.0946433544158936
[1,0]<stdout>:before forward:5.4836273193359375e-06
[1,1]<stdout>:before forward:6.4373016357421875e-06
[1,0]<stdout>:forward time:0.003477811813354492
[1,0]<stdout>:Compute loss time:0.00031256675720214844
[1,1]<stdout>:forward time:0.00360107421875
[1,1]<stdout>:Compute loss time:0.0003376007080078125
[1,1]<stdout>:optimizer zero grad time:0.053154945373535156
[1,0]<stdout>:optimizer zero grad time:0.05778646469116211
[1,1]<stdout>:optimizer backward time:0.04152345657348633
[1,0]<stdout>:optimizer backward time:0.042577505111694336
[1,0]<stdout>:optimizer step time:4.0553529262542725
[1,0]<stdout>:learning rate step time:8.153915405273438e-05
[1,0]<stdout>:after loss time:4.15589165687561
[1,0]<stdout>:print output time:4.458427429199219e-05
[1,0]<stdout>:test time:2.2411346435546875e-05
[1,0]<stdout>:training iter93,this iter consuming time:4.159754514694214
[1,0]<stdout>:before forward:5.245208740234375e-06
[1,0]<stdout>:forward time:0.003618955612182617
[1,1]<stdout>:optimizer step time:4.06751275062561
[1,1]<stdout>:learning rate step time:7.963180541992188e-05
[1,1]<stdout>:after loss time:4.162373065948486
[1,1]<stdout>:print output time:1.6450881958007812e-05
[1,1]<stdout>:test time:1.2159347534179688e-05
[1,1]<stdout>:training iter93,this iter consuming time:4.166346788406372
[1,0]<stdout>:Compute loss time:0.0003070831298828125
[1,1]<stdout>:before forward:5.4836273193359375e-06
[1,1]<stdout>:forward time:0.0030798912048339844
[1,1]<stdout>:Compute loss time:0.0002923011779785156
[1,0]<stdout>:optimizer zero grad time:0.05512356758117676
[1,1]<stdout>:optimizer zero grad time:0.05309915542602539
[1,0]<stdout>:optimizer backward time:0.04185009002685547
[1,1]<stdout>:optimizer backward time:0.04286384582519531
[1,0]<stdout>:optimizer step time:4.017062425613403
[1,0]<stdout>:learning rate step time:7.271766662597656e-05
[1,0]<stdout>:after loss time:4.114194393157959
[1,0]<stdout>:print output time:4.506111145019531e-05
[1,0]<stdout>:test time:1.1205673217773438e-05
[1,0]<stdout>:training iter94,this iter consuming time:4.118181943893433
[1,0]<stdout>:before forward:5.245208740234375e-06
[1,0]<stdout>:forward time:0.002912759780883789
[1,0]<stdout>:Compute loss time:0.0002601146697998047
[1,1]<stdout>:optimizer step time:4.021276235580444
[1,1]<stdout>:learning rate step time:9.1552734375e-05
[1,1]<stdout>:after loss time:4.1174256801605225
[1,1]<stdout>:print output time:1.9550323486328125e-05
[1,1]<stdout>:test time:1.33514404296875e-05
[1,1]<stdout>:training iter94,this iter consuming time:4.12083625793457
[1,1]<stdout>:before forward:1.0251998901367188e-05
[1,1]<stdout>:forward time:0.0057332515716552734
[1,1]<stdout>:Compute loss time:0.00044727325439453125
[1,0]<stdout>:optimizer zero grad time:0.0564117431640625
[1,1]<stdout>:optimizer zero grad time:0.055520057678222656
[1,0]<stdout>:optimizer backward time:0.04200148582458496
[1,1]<stdout>:optimizer backward time:0.04120993614196777
[1,0]<stdout>:optimizer step time:4.017922878265381
[1,0]<stdout>:learning rate step time:8.559226989746094e-05
[1,0]<stdout>:after loss time:4.116514444351196
[1,0]<stdout>:print output time:1.8596649169921875e-05
[1,0]<stdout>:test time:5.507469177246094e-05
[1,0]<stdout>:training iter95,this iter consuming time:4.1197662353515625
[1,1]<stdout>:optimizer step time:4.006618976593018
[1,1]<stdout>:learning rate step time:7.987022399902344e-05
[1,1]<stdout>:after loss time:4.103556156158447
[1,1]<stdout>:print output time:1.7404556274414062e-05
[1,1]<stdout>:test time:1.2159347534179688e-05
[1,1]<stdout>:training iter95,this iter consuming time:4.109776496887207
[1,0]<stdout>:before forward:5.0067901611328125e-06
[1,0]<stdout>:forward time:0.003392934799194336
[1,1]<stdout>:before forward:7.152557373046875e-06
[1,0]<stdout>:Compute loss time:0.0003085136413574219
[1,1]<stdout>:forward time:0.003569364547729492
[1,1]<stdout>:Compute loss time:0.0003330707550048828
[1,0]<stdout>:optimizer zero grad time:0.05404782295227051
[1,1]<stdout>:optimizer zero grad time:0.05196976661682129
[1,0]<stdout>:optimizer backward time:0.04020571708679199
[1,1]<stdout>:optimizer backward time:0.04220080375671387
[1,0]<stdout>:optimizer step time:4.034537315368652
[1,0]<stdout>:learning rate step time:0.0001671314239501953
[1,0]<stdout>:after loss time:4.129108905792236
[1,0]<stdout>:print output time:2.5510787963867188e-05
[1,0]<stdout>:test time:1.9073486328125e-05
[1,0]<stdout>:training iter96,this iter consuming time:4.132859945297241
[1,1]<stdout>:optimizer step time:4.034444093704224
[1,1]<stdout>:learning rate step time:6.842613220214844e-05
[1,1]<stdout>:after loss time:4.128769874572754
[1,1]<stdout>:print output time:1.7404556274414062e-05
[1,1]<stdout>:test time:1.049041748046875e-05
[1,1]<stdout>:training iter96,this iter consuming time:4.132707357406616
[1,0]<stdout>:before forward:7.867813110351562e-06
[1,1]<stdout>:before forward:5.0067901611328125e-06
[1,0]<stdout>:forward time:0.004322528839111328
[1,0]<stdout>:Compute loss time:0.0005371570587158203
[1,1]<stdout>:forward time:0.0029900074005126953
[1,1]<stdout>:Compute loss time:0.00025773048400878906
[1,1]<stdout>:optimizer zero grad time:0.05536532402038574
[1,0]<stdout>:optimizer zero grad time:0.05798959732055664
[1,1]<stdout>:optimizer backward time:0.041880130767822266
[1,0]<stdout>:optimizer backward time:0.041651248931884766
[1,0]<stdout>:optimizer step time:3.8061423301696777
[1,0]<stdout>:learning rate step time:6.747245788574219e-05
[1,0]<stdout>:after loss time:3.9059367179870605
[1,0]<stdout>:print output time:2.002716064453125e-05
[1,0]<stdout>:test time:2.3365020751953125e-05
[1,0]<stdout>:training iter97,this iter consuming time:3.9108476638793945
[1,0]<stdout>:before forward:5.4836273193359375e-06
[1,1]<stdout>:optimizer step time:3.8137094974517822
[1,1]<stdout>:learning rate step time:7.605552673339844e-05
[1,1]<stdout>:after loss time:3.9111311435699463
[1,1]<stdout>:print output time:1.9311904907226562e-05
[1,1]<stdout>:test time:9.059906005859375e-06
[1,1]<stdout>:training iter97,this iter consuming time:3.914412260055542
[1,0]<stdout>:forward time:0.0034096240997314453
[1,0]<stdout>:Compute loss time:0.0002987384796142578
[1,1]<stdout>:before forward:5.7220458984375e-06
[1,1]<stdout>:forward time:0.003025054931640625
[1,1]<stdout>:Compute loss time:0.0002923011779785156
[1,0]<stdout>:optimizer zero grad time:0.057883262634277344
[1,1]<stdout>:optimizer zero grad time:0.055289268493652344
[1,1]<stdout>:optimizer backward time:0.030673742294311523
[1,0]<stdout>:optimizer backward time:0.04150700569152832
[1,0]<stdout>:optimizer step time:4.022949457168579
[1,0]<stdout>:learning rate step time:6.508827209472656e-05
[1,0]<stdout>:after loss time:4.122488021850586
[1,0]<stdout>:print output time:1.5020370483398438e-05
[1,0]<stdout>:test time:1.4066696166992188e-05
[1,0]<stdout>:training iter98,this iter consuming time:4.126230955123901
[1,0]<stdout>:before forward:4.5299530029296875e-06
[1,1]<stdout>:optimizer step time:4.034761667251587
[1,1]<stdout>:learning rate step time:0.0001652240753173828
[1,1]<stdout>:after loss time:4.121013402938843
[1,1]<stdout>:print output time:6.985664367675781e-05
[1,1]<stdout>:test time:1.811981201171875e-05
[1,1]<stdout>:training iter98,this iter consuming time:4.124424457550049
[1,0]<stdout>:forward time:0.003064870834350586
[1,0]<stdout>:Compute loss time:0.00025177001953125
[1,1]<stdout>:before forward:1.52587890625e-05
[1,1]<stdout>:forward time:0.003706216812133789
[1,1]<stdout>:Compute loss time:0.0004596710205078125
[1,0]<stdout>:optimizer zero grad time:0.05770587921142578
[1,1]<stdout>:optimizer zero grad time:0.05321788787841797
[1,1]<stdout>:optimizer backward time:0.03531908988952637
[1,0]<stdout>:optimizer backward time:0.03979611396789551
[1,0]<stdout>:optimizer step time:4.0248472690582275
[1,0]<stdout>:learning rate step time:7.367134094238281e-05
[1,0]<stdout>:after loss time:4.122506141662598
[1,0]<stdout>:print output time:7.128715515136719e-05
[1,0]<stdout>:test time:1.4066696166992188e-05
[1,0]<stdout>:training iter99,this iter consuming time:4.125912666320801
[1,0]<stdout>:before forward:5.245208740234375e-06
[1,1]<stdout>:optimizer step time:4.033662557601929
[1,1]<stdout>:learning rate step time:6.914138793945312e-05
[1,1]<stdout>:after loss time:4.12235164642334
[1,1]<stdout>:print output time:1.6450881958007812e-05
[1,1]<stdout>:test time:1.0013580322265625e-05
[1,1]<stdout>:training iter99,this iter consuming time:4.126559257507324
[1,0]<stdout>:forward time:0.003609895706176758
[1,0]<stdout>:Compute loss time:0.0002999305725097656
[1,1]<stdout>:before forward:6.198883056640625e-06
[1,1]<stdout>:forward time:0.0030083656311035156
[1,1]<stdout>:Compute loss time:0.0002872943878173828
[1,0]<stdout>:optimizer zero grad time:0.05621027946472168
[1,1]<stdout>:optimizer zero grad time:0.05341362953186035
[1,1]<stdout>:optimizer backward time:0.030568361282348633
[1,0]<stdout>:optimizer backward time:0.043480634689331055
[1,0]<stdout>:optimizer step time:4.093568563461304
[1,0]<stdout>:learning rate step time:6.008148193359375e-05
[1,0]<stdout>:after loss time:4.193397283554077
[1,0]<stdout>:print output time:1.4781951904296875e-05
[1,0]<stdout>:test time:9.059906005859375e-06
[1,0]<stdout>:training iter100,this iter consuming time:4.197336196899414
[1,0]<stdout>:before forward:4.5299530029296875e-06
[1,0]<stdout>:forward time:0.0029664039611816406
[1,0]<stdout>:Compute loss time:0.00024962425231933594
[1,1]<stdout>:optimizer step time:4.111262798309326
[1,1]<stdout>:learning rate step time:7.867813110351562e-05
[1,1]<stdout>:after loss time:4.195411920547485
[1,1]<stdout>:print output time:6.389617919921875e-05
[1,1]<stdout>:test time:1.6450881958007812e-05
[1,1]<stdout>:training iter100,this iter consuming time:4.19879412651062
[1,1]<stdout>:before forward:6.67572021484375e-06
[1,1]<stdout>:forward time:0.0036716461181640625
[1,1]<stdout>:Compute loss time:0.0003123283386230469
[1,0]<stdout>:optimizer zero grad time:0.05645108222961426
[1,1]<stdout>:optimizer zero grad time:0.05434274673461914
[1,1]<stdout>:optimizer backward time:0.030150413513183594
[1,0]<stdout>:optimizer backward time:0.039269447326660156
[1,0]<stdout>:optimizer step time:4.076026439666748
[1,0]<stdout>:learning rate step time:6.771087646484375e-05
[1,0]<stdout>:after loss time:4.171898126602173
[1,0]<stdout>:print output time:1.7881393432617188e-05
[1,0]<stdout>:test time:1.3113021850585938e-05
[1,0]<stdout>:training iter101,this iter consuming time:4.17514967918396
[1,0]<stdout>:before forward:4.76837158203125e-06
[1,1]<stdout>:optimizer step time:4.085652112960815
[1,1]<stdout>:learning rate step time:7.963180541992188e-05
[1,1]<stdout>:after loss time:4.170314788818359
[1,1]<stdout>:print output time:1.5497207641601562e-05
[1,1]<stdout>:test time:1.3589859008789062e-05
[1,1]<stdout>:training iter101,this iter consuming time:4.174334526062012
[1,0]<stdout>:forward time:0.003467082977294922
[1,0]<stdout>:Compute loss time:0.00030422210693359375
[1,1]<stdout>:before forward:6.198883056640625e-06
[1,1]<stdout>:forward time:0.0036203861236572266
[1,1]<stdout>:Compute loss time:0.0003132820129394531
[1,0]<stdout>:optimizer zero grad time:0.0552668571472168
[1,1]<stdout>:optimizer zero grad time:0.054100990295410156
[1,0]<stdout>:optimizer backward time:0.041260480880737305
[1,1]<stdout>:optimizer backward time:0.04178428649902344
[1,0]<stdout>:optimizer step time:3.999760150909424
[1,0]<stdout>:learning rate step time:5.7697296142578125e-05
[1,0]<stdout>:after loss time:4.096422433853149
[1,0]<stdout>:print output time:1.7404556274414062e-05
[1,0]<stdout>:test time:1.430511474609375e-05
[1,0]<stdout>:training iter102,this iter consuming time:4.1002302169799805
[1,0]<stdout>:before forward:4.76837158203125e-06
[1,0]<stdout>:forward time:0.0029621124267578125
[1,0]<stdout>:Compute loss time:0.00024771690368652344
[1,1]<stdout>:optimizer step time:4.003443241119385
[1,1]<stdout>:learning rate step time:8.034706115722656e-05
[1,1]<stdout>:after loss time:4.099494457244873
[1,1]<stdout>:print output time:1.5497207641601562e-05
[1,1]<stdout>:test time:1.1682510375976562e-05
[1,1]<stdout>:training iter102,this iter consuming time:4.103461503982544
[1,1]<stdout>:before forward:5.9604644775390625e-06
[1,1]<stdout>:forward time:0.002995014190673828
[1,1]<stdout>:Compute loss time:0.0002765655517578125
[1,0]<stdout>:optimizer zero grad time:0.05657005310058594
[1,1]<stdout>:optimizer zero grad time:0.056613922119140625
[1,0]<stdout>:optimizer backward time:0.044873714447021484
[1,1]<stdout>:optimizer backward time:0.04145979881286621
[1,0]<stdout>:optimizer step time:4.014323711395264
[1,0]<stdout>:learning rate step time:7.176399230957031e-05
[1,0]<stdout>:after loss time:4.115922927856445
[1,0]<stdout>:print output time:5.817413330078125e-05
[1,0]<stdout>:test time:1.2874603271484375e-05
[1,0]<stdout>:training iter103,this iter consuming time:4.119208574295044
[1,0]<stdout>:before forward:5.245208740234375e-06
[1,1]<stdout>:optimizer step time:4.016647577285767
[1,1]<stdout>:learning rate step time:6.771087646484375e-05
[1,1]<stdout>:after loss time:4.1148903369903564
[1,1]<stdout>:print output time:1.5497207641601562e-05
[1,1]<stdout>:test time:9.5367431640625e-06
[1,1]<stdout>:training iter103,this iter consuming time:4.118192911148071
[1,0]<stdout>:forward time:0.0034110546112060547
[1,0]<stdout>:Compute loss time:0.0003247261047363281
[1,1]<stdout>:before forward:6.198883056640625e-06
[1,1]<stdout>:forward time:0.0029883384704589844
[1,1]<stdout>:Compute loss time:0.0002796649932861328
[1,0]<stdout>:optimizer zero grad time:0.05642366409301758
[1,1]<stdout>:optimizer zero grad time:0.054183006286621094
[1,0]<stdout>:optimizer backward time:0.041854143142700195
[1,1]<stdout>:optimizer backward time:0.04012751579284668
[1,0]<stdout>:optimizer step time:3.76676344871521
[1,0]<stdout>:learning rate step time:0.00011444091796875
[1,0]<stdout>:after loss time:3.865271806716919
[1,0]<stdout>:print output time:2.2172927856445312e-05
[1,0]<stdout>:test time:1.52587890625e-05
[1,0]<stdout>:training iter104,this iter consuming time:3.8690502643585205
[1,0]<stdout>:before forward:7.152557373046875e-06
[1,1]<stdout>:optimizer step time:3.7709848880767822
[1,0]<stdout>:forward time:0.003306865692138672
[1,1]<stdout>:learning rate step time:7.271766662597656e-05
[1,1]<stdout>:after loss time:3.8654494285583496
[1,1]<stdout>:print output time:1.4066696166992188e-05
[1,1]<stdout>:test time:8.58306884765625e-06
[1,1]<stdout>:training iter104,this iter consuming time:3.868746280670166
[1,0]<stdout>:Compute loss time:0.0004086494445800781
[1,1]<stdout>:before forward:5.4836273193359375e-06
[1,1]<stdout>:forward time:0.0030465126037597656
[1,1]<stdout>:Compute loss time:0.0002574920654296875
[1,0]<stdout>:optimizer zero grad time:0.05629134178161621
[1,1]<stdout>:optimizer zero grad time:0.05439877510070801
[1,0]<stdout>:optimizer backward time:0.04253864288330078
[1,1]<stdout>:optimizer backward time:0.04191923141479492
[1,0]<stdout>:optimizer step time:4.042620897293091
[1,0]<stdout>:learning rate step time:8.654594421386719e-05
[1,0]<stdout>:after loss time:4.141632318496704
[1,0]<stdout>:print output time:2.002716064453125e-05
[1,0]<stdout>:test time:1.5020370483398438e-05
[1,0]<stdout>:training iter105,this iter consuming time:4.145390033721924
[1,0]<stdout>:before forward:4.291534423828125e-06
[1,1]<stdout>:optimizer step time:4.042807102203369
[1,1]<stdout>:learning rate step time:0.0001735687255859375
[1,1]<stdout>:after loss time:4.139435291290283
[1,1]<stdout>:print output time:3.552436828613281e-05
[1,1]<stdout>:test time:2.0503997802734375e-05
[1,1]<stdout>:training iter105,this iter consuming time:4.142800807952881
[1,0]<stdout>:forward time:0.0033745765686035156
[1,0]<stdout>:Compute loss time:0.0003066062927246094
[1,1]<stdout>:before forward:1.7404556274414062e-05
[1,1]<stdout>:forward time:0.00422358512878418
[1,1]<stdout>:Compute loss time:0.0005176067352294922
[1,0]<stdout>:optimizer zero grad time:0.058036088943481445
[1,1]<stdout>:optimizer zero grad time:0.05399942398071289
[1,1]<stdout>:optimizer backward time:0.034193992614746094
[1,0]<stdout>:optimizer backward time:0.040416717529296875
[1,0]<stdout>:optimizer step time:4.010321378707886
[1,0]<stdout>:learning rate step time:7.081031799316406e-05
[1,0]<stdout>:after loss time:4.1089301109313965
[1,0]<stdout>:print output time:2.3365020751953125e-05
[1,0]<stdout>:test time:1.4781951904296875e-05
[1,0]<stdout>:training iter106,this iter consuming time:4.112653732299805
[1,0]<stdout>:before forward:4.76837158203125e-06
[1,0]<stdout>:forward time:0.0035943984985351562
[1,0]<stdout>:Compute loss time:0.0003039836883544922
[1,1]<stdout>:optimizer step time:4.028691291809082
[1,1]<stdout>:learning rate step time:7.939338684082031e-05
[1,1]<stdout>:after loss time:4.117056846618652
[1,1]<stdout>:print output time:1.71661376953125e-05
[1,1]<stdout>:test time:1.0967254638671875e-05
[1,1]<stdout>:training iter106,this iter consuming time:4.121843576431274
[1,1]<stdout>:before forward:6.67572021484375e-06
[1,1]<stdout>:forward time:0.0036246776580810547
[1,1]<stdout>:Compute loss time:0.00030541419982910156
[1,0]<stdout>:optimizer zero grad time:0.056646108627319336
[1,1]<stdout>:optimizer zero grad time:0.060686588287353516
[1,0]<stdout>:optimizer backward time:0.03776693344116211
[1,1]<stdout>:optimizer backward time:0.0416872501373291
[1,0]<stdout>:optimizer step time:4.0331456661224365
[1,0]<stdout>:learning rate step time:6.556510925292969e-05
[1,0]<stdout>:after loss time:4.12770938873291
[1,0]<stdout>:print output time:2.3603439331054688e-05
[1,0]<stdout>:test time:1.6450881958007812e-05
[1,0]<stdout>:training iter107,this iter consuming time:4.131652593612671
[1,0]<stdout>:before forward:4.5299530029296875e-06
[1,0]<stdout>:forward time:0.003423929214477539
[1,0]<stdout>:Compute loss time:0.000301361083984375
[1,1]<stdout>:optimizer step time:4.022170066833496
[1,1]<stdout>:learning rate step time:8.296966552734375e-05
[1,1]<stdout>:after loss time:4.124729633331299
[1,1]<stdout>:print output time:1.6689300537109375e-05
[1,1]<stdout>:test time:9.5367431640625e-06
[1,1]<stdout>:training iter107,this iter consuming time:4.128692626953125
[1,1]<stdout>:before forward:5.7220458984375e-06
[1,1]<stdout>:forward time:0.0029327869415283203
[1,1]<stdout>:Compute loss time:0.0002636909484863281
[1,0]<stdout>:optimizer zero grad time:0.05571341514587402
[1,1]<stdout>:optimizer zero grad time:0.05862569808959961
[1,0]<stdout>:optimizer backward time:0.029905080795288086
[1,1]<stdout>:optimizer backward time:0.036772966384887695
[1,0]<stdout>:optimizer step time:3.999195098876953
[1,0]<stdout>:learning rate step time:6.866455078125e-05
[1,0]<stdout>:after loss time:4.084968566894531
[1,0]<stdout>:print output time:1.7881393432617188e-05
[1,0]<stdout>:test time:1.0967254638671875e-05
[1,0]<stdout>:training iter108,this iter consuming time:4.088727235794067
[1,0]<stdout>:before forward:5.7220458984375e-06
[1,1]<stdout>:optimizer step time:3.985715627670288
[1,1]<stdout>:learning rate step time:6.842613220214844e-05
[1,1]<stdout>:after loss time:4.081261873245239
[1,1]<stdout>:print output time:1.3828277587890625e-05
[1,1]<stdout>:test time:8.821487426757812e-06
[1,1]<stdout>:training iter108,this iter consuming time:4.084486722946167
[1,0]<stdout>:forward time:0.0035614967346191406
[1,0]<stdout>:Compute loss time:0.0002994537353515625
[1,1]<stdout>:before forward:5.9604644775390625e-06
[1,1]<stdout>:forward time:0.002870798110961914
[1,1]<stdout>:Compute loss time:0.0002593994140625
[1,0]<stdout>:optimizer zero grad time:0.057946205139160156
[1,1]<stdout>:optimizer zero grad time:0.058220624923706055
[1,1]<stdout>:optimizer backward time:0.030282258987426758
[1,0]<stdout>:optimizer backward time:0.04173994064331055
[1,0]<stdout>:optimizer step time:3.9755141735076904
[1,0]<stdout>:learning rate step time:6.580352783203125e-05
[1,0]<stdout>:after loss time:4.075361728668213
[1,0]<stdout>:print output time:2.0265579223632812e-05
[1,0]<stdout>:test time:1.430511474609375e-05
[1,0]<stdout>:training iter109,this iter consuming time:4.079262971878052
[1,0]<stdout>:before forward:5.4836273193359375e-06
[1,0]<stdout>:forward time:0.003534555435180664
[1,0]<stdout>:Compute loss time:0.00030994415283203125
[1,1]<stdout>:optimizer step time:3.990215301513672
[1,1]<stdout>:learning rate step time:7.009506225585938e-05
[1,1]<stdout>:after loss time:4.078969478607178
[1,1]<stdout>:print output time:6.413459777832031e-05
[1,1]<stdout>:test time:2.7894973754882812e-05
[1,1]<stdout>:training iter109,this iter consuming time:4.082197666168213
[1,1]<stdout>:before forward:9.059906005859375e-06
[1,1]<stdout>:forward time:0.004926204681396484
[1,1]<stdout>:Compute loss time:0.0003643035888671875
[1,0]<stdout>:optimizer zero grad time:0.05557441711425781
[1,1]<stdout>:optimizer zero grad time:0.05742931365966797
[1,0]<stdout>:optimizer backward time:0.04134345054626465
[1,1]<stdout>:optimizer backward time:0.04454326629638672
[1,0]<stdout>:optimizer step time:4.028152942657471
[1,0]<stdout>:learning rate step time:6.532669067382812e-05
[1,0]<stdout>:after loss time:4.12522292137146
[1,0]<stdout>:print output time:4.38690185546875e-05
[1,0]<stdout>:test time:3.4332275390625e-05
[1,0]<stdout>:training iter110,this iter consuming time:4.129151105880737
[1,0]<stdout>:before forward:5.245208740234375e-06
[1,0]<stdout>:forward time:0.0034990310668945312
[1,0]<stdout>:Compute loss time:0.0003025531768798828
[1,1]<stdout>:optimizer step time:4.017025709152222
[1,1]<stdout>:learning rate step time:8.0108642578125e-05
[1,1]<stdout>:after loss time:4.119179010391235
[1,1]<stdout>:print output time:1.5974044799804688e-05
[1,1]<stdout>:test time:1.3828277587890625e-05
[1,1]<stdout>:training iter110,this iter consuming time:4.124508380889893
[1,1]<stdout>:before forward:7.152557373046875e-06
[1,1]<stdout>:forward time:0.0034685134887695312
[1,1]<stdout>:Compute loss time:0.0003070831298828125
[1,0]<stdout>:optimizer zero grad time:0.05562615394592285
[1,1]<stdout>:optimizer zero grad time:0.05750918388366699
[1,1]<stdout>:optimizer backward time:0.029880046844482422
[1,0]<stdout>:optimizer backward time:0.044397830963134766
[1,0]<stdout>:optimizer step time:4.0215418338775635
[1,0]<stdout>:learning rate step time:6.031990051269531e-05
[1,0]<stdout>:after loss time:4.12173056602478
[1,0]<stdout>:print output time:1.5735626220703125e-05
[1,0]<stdout>:test time:3.266334533691406e-05
[1,0]<stdout>:training iter111,this iter consuming time:4.1255857944488525
[1,0]<stdout>:before forward:5.245208740234375e-06
[1,0]<stdout>:forward time:0.002865314483642578
[1,0]<stdout>:Compute loss time:0.0002429485321044922
[1,1]<stdout>:optimizer step time:4.036417007446289
[1,1]<stdout>:learning rate step time:0.00016641616821289062
[1,1]<stdout>:after loss time:4.124105930328369
[1,1]<stdout>:print output time:2.6941299438476562e-05
[1,1]<stdout>:test time:2.0503997802734375e-05
[1,1]<stdout>:training iter111,this iter consuming time:4.127936124801636
[1,1]<stdout>:before forward:1.621246337890625e-05
[1,1]<stdout>:forward time:0.00452876091003418
[1,1]<stdout>:Compute loss time:0.0005099773406982422
[1,0]<stdout>:optimizer zero grad time:0.05527043342590332
[1,1]<stdout>:optimizer zero grad time:0.057677507400512695
[1,0]<stdout>:optimizer backward time:0.040460824966430664
[1,1]<stdout>:optimizer backward time:0.0360417366027832
[1,0]<stdout>:optimizer step time:4.01874852180481
[1,0]<stdout>:learning rate step time:7.486343383789062e-05
[1,0]<stdout>:after loss time:4.1146399974823
[1,0]<stdout>:print output time:3.0994415283203125e-05
[1,0]<stdout>:test time:3.266334533691406e-05
[1,0]<stdout>:training iter112,this iter consuming time:4.117817163467407
[1,0]<stdout>:before forward:5.245208740234375e-06
[1,0]<stdout>:forward time:0.00347900390625
[1,0]<stdout>:Compute loss time:0.00030732154846191406
[1,1]<stdout>:optimizer step time:4.015887498855591
[1,1]<stdout>:learning rate step time:7.915496826171875e-05
[1,1]<stdout>:after loss time:4.109776735305786
[1,1]<stdout>:print output time:1.6450881958007812e-05
[1,1]<stdout>:test time:1.2159347534179688e-05
[1,1]<stdout>:training iter112,this iter consuming time:4.11486029624939
[1,1]<stdout>:before forward:6.9141387939453125e-06
[1,1]<stdout>:forward time:0.0035066604614257812
[1,1]<stdout>:Compute loss time:0.0003161430358886719
[1,0]<stdout>:optimizer zero grad time:0.056650400161743164
[1,1]<stdout>:optimizer zero grad time:0.058710575103759766
[1,0]<stdout>:optimizer backward time:0.042879343032836914
[1,1]<stdout>:optimizer backward time:0.03341484069824219
[1,0]<stdout>:optimizer step time:4.015744209289551
[1,0]<stdout>:learning rate step time:0.000141143798828125
[1,0]<stdout>:after loss time:4.115549325942993
[1,0]<stdout>:print output time:2.4557113647460938e-05
[1,0]<stdout>:test time:1.8835067749023438e-05
[1,0]<stdout>:training iter113,this iter consuming time:4.119384288787842
[1,0]<stdout>:before forward:6.9141387939453125e-06
[1,1]<stdout>:optimizer step time:4.017875909805298
[1,1]<stdout>:learning rate step time:7.796287536621094e-05
[1,1]<stdout>:after loss time:4.11016845703125
[1,1]<stdout>:print output time:1.6927719116210938e-05
[1,1]<stdout>:test time:1.1682510375976562e-05
[1,1]<stdout>:training iter113,this iter consuming time:4.114026784896851
[1,0]<stdout>:forward time:0.003548145294189453
[1,1]<stdout>:before forward:7.152557373046875e-06
[1,0]<stdout>:Compute loss time:0.0004661083221435547
[1,1]<stdout>:forward time:0.0035953521728515625
[1,1]<stdout>:Compute loss time:0.00029397010803222656
[1,0]<stdout>:optimizer zero grad time:0.05680370330810547
[1,1]<stdout>:optimizer zero grad time:0.05662178993225098
[1,1]<stdout>:optimizer backward time:0.03737282752990723
[1,0]<stdout>:optimizer backward time:0.042550086975097656
[1,0]<stdout>:optimizer step time:4.053311824798584
[1,0]<stdout>:learning rate step time:6.008148193359375e-05
[1,0]<stdout>:after loss time:4.152831792831421
[1,0]<stdout>:print output time:1.5020370483398438e-05
[1,0]<stdout>:test time:3.933906555175781e-05
[1,0]<stdout>:training iter114,this iter consuming time:4.156907320022583
[1,0]<stdout>:before forward:4.5299530029296875e-06
[1,0]<stdout>:forward time:0.003086090087890625
[1,1]<stdout>:optimizer step time:4.061083555221558
[1,0]<stdout>:Compute loss time:0.0002532005310058594
[1,1]<stdout>:learning rate step time:7.367134094238281e-05
[1,1]<stdout>:after loss time:4.155230283737183
[1,1]<stdout>:print output time:1.7642974853515625e-05
[1,1]<stdout>:test time:1.239776611328125e-05
[1,1]<stdout>:training iter114,this iter consuming time:4.159156799316406
[1,1]<stdout>:before forward:5.245208740234375e-06
[1,1]<stdout>:forward time:0.0030531883239746094
[1,1]<stdout>:Compute loss time:0.0002560615539550781
[1,0]<stdout>:optimizer zero grad time:0.05820488929748535
[1,1]<stdout>:optimizer zero grad time:0.058197975158691406
[1,1]<stdout>:optimizer backward time:0.030031919479370117
[1,0]<stdout>:optimizer backward time:0.0436861515045166
[1,0]<stdout>:optimizer step time:3.9903323650360107
[1,0]<stdout>:learning rate step time:7.271766662597656e-05
[1,0]<stdout>:after loss time:4.092378616333008
[1,0]<stdout>:print output time:4.124641418457031e-05
[1,0]<stdout>:test time:3.409385681152344e-05
[1,0]<stdout>:training iter115,this iter consuming time:4.095797777175903
[1,0]<stdout>:before forward:5.245208740234375e-06
[1,0]<stdout>:forward time:0.0034809112548828125
[1,0]<stdout>:Compute loss time:0.0002887248992919922
[1,1]<stdout>:optimizer step time:4.006345987319946
[1,1]<stdout>:learning rate step time:7.486343383789062e-05
[1,1]<stdout>:after loss time:4.094739675521851
[1,1]<stdout>:print output time:1.7881393432617188e-05
[1,1]<stdout>:test time:1.1920928955078125e-05
[1,1]<stdout>:training iter115,this iter consuming time:4.098083972930908
[1,1]<stdout>:before forward:6.67572021484375e-06
[1,1]<stdout>:forward time:0.003539562225341797
[1,1]<stdout>:Compute loss time:0.0003063678741455078
[1,0]<stdout>:optimizer zero grad time:0.05695509910583496
[1,1]<stdout>:optimizer zero grad time:0.05834078788757324
[1,0]<stdout>:optimizer backward time:0.04858279228210449
[1,1]<stdout>:optimizer backward time:0.04296159744262695
[1,0]<stdout>:optimizer step time:4.053820371627808
[1,0]<stdout>:learning rate step time:7.176399230957031e-05
[1,0]<stdout>:after loss time:4.159518241882324
[1,0]<stdout>:print output time:5.888938903808594e-05
[1,0]<stdout>:test time:2.1219253540039062e-05
[1,0]<stdout>:training iter116,this iter consuming time:4.163373231887817
[1,0]<stdout>:before forward:5.245208740234375e-06
[1,0]<stdout>:forward time:0.003568410873413086
[1,0]<stdout>:Compute loss time:0.0003170967102050781
[1,1]<stdout>:optimizer step time:4.058747053146362
[1,1]<stdout>:learning rate step time:7.748603820800781e-05
[1,1]<stdout>:after loss time:4.160226583480835
[1,1]<stdout>:print output time:1.7881393432617188e-05
[1,1]<stdout>:test time:1.1920928955078125e-05
[1,1]<stdout>:training iter116,this iter consuming time:4.164108991622925
[1,1]<stdout>:before forward:6.4373016357421875e-06
[1,1]<stdout>:forward time:0.003638744354248047
[1,1]<stdout>:Compute loss time:0.00030994415283203125
[1,0]<stdout>:optimizer zero grad time:0.05762887001037598
[1,1]<stdout>:optimizer zero grad time:0.05875706672668457
[1,0]<stdout>:optimizer backward time:0.04352760314941406
[1,1]<stdout>:optimizer backward time:0.04044938087463379
[1,0]<stdout>:optimizer step time:4.011265516281128
[1,0]<stdout>:learning rate step time:6.842613220214844e-05
[1,0]<stdout>:after loss time:4.112580299377441
[1,0]<stdout>:print output time:3.814697265625e-05
[1,0]<stdout>:test time:3.5762786865234375e-05
[1,0]<stdout>:training iter117,this iter consuming time:4.116544961929321
[1,0]<stdout>:before forward:5.0067901611328125e-06
[1,1]<stdout>:optimizer step time:4.007941246032715
[1,1]<stdout>:learning rate step time:7.104873657226562e-05
[1,1]<stdout>:after loss time:4.107304811477661
[1,1]<stdout>:print output time:1.621246337890625e-05
[1,1]<stdout>:test time:1.0013580322265625e-05
[1,1]<stdout>:training iter117,this iter consuming time:4.111286163330078
[1,0]<stdout>:forward time:0.0034530162811279297
[1,0]<stdout>:Compute loss time:0.00030612945556640625
[1,1]<stdout>:before forward:1.1205673217773438e-05
[1,1]<stdout>:forward time:0.0030274391174316406
[1,1]<stdout>:Compute loss time:0.0002593994140625
[1,0]<stdout>:optimizer zero grad time:0.05879068374633789
[1,1]<stdout>:optimizer zero grad time:0.058251380920410156
[1,1]<stdout>:optimizer backward time:0.03309154510498047
[1,0]<stdout>:optimizer backward time:0.04185843467712402
[1,0]<stdout>:optimizer step time:4.007453680038452
[1,0]<stdout>:learning rate step time:6.389617919921875e-05
[1,0]<stdout>:after loss time:4.108266115188599
[1,0]<stdout>:print output time:1.71661376953125e-05
[1,0]<stdout>:test time:5.602836608886719e-05
[1,0]<stdout>:training iter118,this iter consuming time:4.112103462219238
[1,0]<stdout>:before forward:5.4836273193359375e-06
[1,0]<stdout>:forward time:0.003841876983642578
[1,0]<stdout>:Compute loss time:0.00029158592224121094
[1,1]<stdout>:optimizer step time:4.020724534988403
[1,1]<stdout>:learning rate step time:0.00014019012451171875
[1,1]<stdout>:after loss time:4.112338066101074
[1,1]<stdout>:print output time:2.5987625122070312e-05
[1,1]<stdout>:test time:1.621246337890625e-05
[1,1]<stdout>:training iter118,this iter consuming time:4.115678310394287
[1,1]<stdout>:before forward:1.4543533325195312e-05
[1,1]<stdout>:forward time:0.0040073394775390625
[1,1]<stdout>:Compute loss time:0.0004913806915283203
[1,0]<stdout>:optimizer zero grad time:0.057099103927612305
[1,1]<stdout>:optimizer zero grad time:0.058242082595825195
[1,1]<stdout>:optimizer backward time:0.03336501121520996
[1,0]<stdout>:optimizer backward time:0.04531359672546387
[1,0]<stdout>:optimizer step time:4.019006967544556
[1,0]<stdout>:learning rate step time:6.4849853515625e-05
[1,0]<stdout>:after loss time:4.12157130241394
[1,0]<stdout>:print output time:4.3392181396484375e-05
[1,0]<stdout>:test time:3.4809112548828125e-05
[1,0]<stdout>:training iter119,this iter consuming time:4.125788450241089
[1,0]<stdout>:before forward:5.4836273193359375e-06
[1,0]<stdout>:forward time:0.003379344940185547
[1,0]<stdout>:Compute loss time:0.0002903938293457031
[1,1]<stdout>:optimizer step time:4.030013084411621
[1,1]<stdout>:learning rate step time:0.00011539459228515625
[1,1]<stdout>:after loss time:4.12182354927063
[1,1]<stdout>:print output time:2.3365020751953125e-05
[1,1]<stdout>:test time:1.8835067749023438e-05
[1,1]<stdout>:training iter119,this iter consuming time:4.126379013061523
[1,1]<stdout>:before forward:6.67572021484375e-06
[1,1]<stdout>:forward time:0.00393366813659668
[1,1]<stdout>:Compute loss time:0.00034356117248535156
[1,0]<stdout>:optimizer zero grad time:0.05869483947753906
[1,1]<stdout>:optimizer zero grad time:0.055074453353881836
[1,0]<stdout>:optimizer backward time:0.04232382774353027
[1,1]<stdout>:optimizer backward time:0.04564547538757324
[1,0]<stdout>:optimizer step time:3.998014450073242
[1,0]<stdout>:learning rate step time:7.081031799316406e-05
[1,0]<stdout>:after loss time:4.099203824996948
[1,0]<stdout>:print output time:5.626678466796875e-05
[1,0]<stdout>:test time:1.5735626220703125e-05
[1,0]<stdout>:training iter120,this iter consuming time:4.1029510498046875
[1,0]<stdout>:before forward:5.245208740234375e-06
